127.0.0.1 - - [04/Nov/2022:10:47:01 +0530] "GET / HTTP/1.1" 404 751
0:0:0:0:0:0:0:1 - - [04/Nov/2022:10:47:04 +0530] "GET /LeaveManagementSystemUsingHibernateAndJSTLTags/EmployShow.jsp HTTP/1.1" 500 4600
0:0:0:0:0:0:0:1 - - [04/Nov/2022:10:47:04 +0530] "GET /favicon.ico HTTP/1.1" 404 762
127.0.0.1 - - [04/Nov/2022:10:48:36 +0530] "GET / HTTP/1.1" 404 751
0:0:0:0:0:0:0:1 - - [04/Nov/2022:10:48:37 +0530] "GET /LeaveManagementSystemUsingHibernateAndJSTLTags/EmployShow.jsp HTTP/1.1" 500 8588
127.0.0.1 - - [04/Nov/2022:10:50:26 +0530] "GET / HTTP/1.1" 404 751
0:0:0:0:0:0:0:1 - - [04/Nov/2022:10:50:27 +0530] "GET /LeaveManagementSystemUsingHibernateAndJSTLTags/EmployShow.jsp HTTP/1.1" 500 8536
127.0.0.1 - - [04/Nov/2022:10:52:39 +0530] "GET / HTTP/1.1" 404 751
0:0:0:0:0:0:0:1 - - [04/Nov/2022:10:52:42 +0530] "GET /LeaveManagementSystemUsingHibernateAndJSTLTags/EmployShow.jsp HTTP/1.1" 500 4600
127.0.0.1 - - [04/Nov/2022:10:56:30 +0530] "GET / HTTP/1.1" 404 751
0:0:0:0:0:0:0:1 - - [04/Nov/2022:10:56:33 +0530] "GET /LeaveManagementSystemUsingHibernateAndJSTLTags/EmployShow.jsp HTTP/1.1" 500 4411
127.0.0.1 - - [04/Nov/2022:10:57:14 +0530] "GET / HTTP/1.1" 404 751
0:0:0:0:0:0:0:1 - - [04/Nov/2022:10:57:17 +0530] "GET /LeaveManagementSystemUsingHibernateAndJSTLTags/EmployShow.jsp HTTP/1.1" 500 9275
127.0.0.1 - - [04/Nov/2022:10:58:15 +0530] "GET / HTTP/1.1" 404 751
0:0:0:0:0:0:0:1 - - [04/Nov/2022:10:58:18 +0530] "GET /LeaveManagementSystemUsingHibernateAndJSTLTags/EmployShow.jsp HTTP/1.1" 500 9339
127.0.0.1 - - [04/Nov/2022:11:01:30 +0530] "GET / HTTP/1.1" 404 751
0:0:0:0:0:0:0:1 - - [04/Nov/2022:11:01:33 +0530] "GET /LeaveManagementSystemUsingHibernateAndJSTLTags/EmployShow.jsp HTTP/1.1" 500 9327
127.0.0.1 - - [04/Nov/2022:11:04:33 +0530] "GET / HTTP/1.1" 404 751
0:0:0:0:0:0:0:1 - - [04/Nov/2022:11:04:36 +0530] "GET /LeaveManagementSystemUsingHibernateAndJSTLTags/EmployShow.jsp HTTP/1.1" 500 2846
127.0.0.1 - - [04/Nov/2022:11:05:40 +0530] "GET / HTTP/1.1" 404 751
0:0:0:0:0:0:0:1 - - [04/Nov/2022:11:05:43 +0530] "GET /LeaveManagementSystemUsingHibernateAndJSTLTags/EmployShow.jsp HTTP/1.1" 500 3150
127.0.0.1 - - [04/Nov/2022:11:09:30 +0530] "GET / HTTP/1.1" 404 751
0:0:0:0:0:0:0:1 - - [04/Nov/2022:11:09:33 +0530] "GET /LeaveManagementSystemUsingHibernateAndJSTLTags/EmployShow.jsp HTTP/1.1" 500 4588
127.0.0.1 - - [04/Nov/2022:11:13:24 +0530] "GET / HTTP/1.1" 404 751
0:0:0:0:0:0:0:1 - - [04/Nov/2022:11:13:27 +0530] "GET /LeaveManagementSystemUsingHibernateAndJSTLTags/EmployShow.jsp HTTP/1.1" 500 2840
127.0.0.1 - - [04/Nov/2022:11:16:41 +0530] "GET / HTTP/1.1" 404 751
0:0:0:0:0:0:0:1 - - [04/Nov/2022:11:16:44 +0530] "GET /LeaveManagementSystemUsingHibernateAndJSTLTags/EmployShow.jsp HTTP/1.1" 500 3159
127.0.0.1 - - [04/Nov/2022:12:00:23 +0530] "GET / HTTP/1.1" 404 751
0:0:0:0:0:0:0:1 - - [04/Nov/2022:12:00:26 +0530] "GET /LeaveManagementSystemUsingHibernateAndJSTL/ShowEmploy.jsp HTTP/1.1" 500 4427
127.0.0.1 - - [04/Nov/2022:12:02:15 +0530] "GET / HTTP/1.1" 404 751
0:0:0:0:0:0:0:1 - - [04/Nov/2022:12:02:17 +0530] "GET /LeaveManagementSystemUsingHibernateAndJSTL/ShowEmploy.jsp HTTP/1.1" 500 9242
127.0.0.1 - - [04/Nov/2022:12:03:33 +0530] "GET / HTTP/1.1" 404 751
0:0:0:0:0:0:0:1 - - [04/Nov/2022:12:03:36 +0530] "GET /LeaveManagementSystemUsingHibernateAndJSTL/ShowEmploy.jsp HTTP/1.1" 500 9313
127.0.0.1 - - [04/Nov/2022:14:26:30 +0530] "GET / HTTP/1.1" 404 751
0:0:0:0:0:0:0:1 - - [04/Nov/2022:14:26:31 +0530] "GET /JSTLProjects/CoutExample.jsp HTTP/1.1" 200 248
0:0:0:0:0:0:0:1 - - [04/Nov/2022:14:27:05 +0530] "GET /JSTLProjects/CoutExample.jsp HTTP/1.1" 200 281
0:0:0:0:0:0:0:1 - - [04/Nov/2022:14:29:19 +0530] "GET /JSTLProjects/CoutExample.jsp HTTP/1.1" 200 281
0:0:0:0:0:0:0:1 - - [04/Nov/2022:14:29:26 +0530] "GET /JSTLProjects/CoutExample.jsp HTTP/1.1" 200 328
0:0:0:0:0:0:0:1 - - [04/Nov/2022:14:29:39 +0530] "GET /JSTLProjects/CoutExample.jsp HTTP/1.1" 500 3016
0:0:0:0:0:0:0:1 - - [04/Nov/2022:14:30:06 +0530] "GET /JSTLProjects/CoutExample.jsp HTTP/1.1" 200 327
127.0.0.1 - - [04/Nov/2022:14:32:19 +0530] "GET / HTTP/1.1" 404 751
0:0:0:0:0:0:0:1 - - [04/Nov/2022:14:32:20 +0530] "GET /JSTLProjects/importExample.jsp HTTP/1.1" 500 3471
0:0:0:0:0:0:0:1 - - [04/Nov/2022:14:33:17 +0530] "GET /JSTLProjects/importExample.jsp HTTP/1.1" 500 3471
127.0.0.1 - - [04/Nov/2022:14:33:38 +0530] "GET / HTTP/1.1" 404 751
0:0:0:0:0:0:0:1 - - [04/Nov/2022:14:33:39 +0530] "GET /JSTLProjects/importExample.jsp HTTP/1.1" 500 3471
127.0.0.1 - - [04/Nov/2022:14:38:44 +0530] "GET / HTTP/1.1" 404 751
0:0:0:0:0:0:0:1 - - [04/Nov/2022:14:38:45 +0530] "GET /JSTLProjects/setExample.jsp HTTP/1.1" 200 230
127.0.0.1 - - [04/Nov/2022:14:43:47 +0530] "GET / HTTP/1.1" 404 751
0:0:0:0:0:0:0:1 - - [04/Nov/2022:14:43:48 +0530] "GET /JSTLProjects/removeExample.jsp HTTP/1.1" 500 2753
0:0:0:0:0:0:0:1 - - [04/Nov/2022:14:44:00 +0530] "GET /JSTLProjects/removeExample.jsp HTTP/1.1" 500 2753
127.0.0.1 - - [04/Nov/2022:14:44:52 +0530] "GET / HTTP/1.1" 404 751
0:0:0:0:0:0:0:1 - - [04/Nov/2022:14:44:53 +0530] "GET /JSTLProjects/removeExample.jsp HTTP/1.1" 200 302
0:0:0:0:0:0:0:1 - - [04/Nov/2022:14:48:28 +0530] "GET /JSTLProjects/removeExample.jsp HTTP/1.1" 200 303
0:0:0:0:0:0:0:1 - - [04/Nov/2022:14:48:29 +0530] "GET /JSTLProjects/removeExample.jsp HTTP/1.1" 200 303
0:0:0:0:0:0:0:1 - - [04/Nov/2022:14:48:29 +0530] "GET /JSTLProjects/removeExample.jsp HTTP/1.1" 200 303
0:0:0:0:0:0:0:1 - - [04/Nov/2022:14:48:29 +0530] "GET /JSTLProjects/removeExample.jsp HTTP/1.1" 200 303
0:0:0:0:0:0:0:1 - - [04/Nov/2022:14:48:30 +0530] "GET /JSTLProjects/removeExample.jsp HTTP/1.1" 200 303
0:0:0:0:0:0:0:1 - - [04/Nov/2022:14:48:30 +0530] "GET /JSTLProjects/removeExample.jsp HTTP/1.1" 200 303
127.0.0.1 - - [04/Nov/2022:14:48:43 +0530] "GET / HTTP/1.1" 404 751
0:0:0:0:0:0:0:1 - - [04/Nov/2022:14:48:44 +0530] "GET /JSTLProjects/removeExample.jsp HTTP/1.1" 200 303
0:0:0:0:0:0:0:1 - - [04/Nov/2022:14:49:12 +0530] "GET /JSTLProjects/removeExample.jsp HTTP/1.1" 200 310
127.0.0.1 - - [04/Nov/2022:14:55:51 +0530] "GET / HTTP/1.1" 404 751
0:0:0:0:0:0:0:1 - - [04/Nov/2022:14:55:52 +0530] "GET /JSTLProjects/catchExample.jsp HTTP/1.1" 200 370
0:0:0:0:0:0:0:1 - - [04/Nov/2022:14:56:06 +0530] "GET /JSTLProjects/catchExample.jsp HTTP/1.1" 200 278
0:0:0:0:0:0:0:1 - - [04/Nov/2022:14:58:19 +0530] "GET /JSTLProjects/catchExample.jsp HTTP/1.1" 200 292
0:0:0:0:0:0:0:1 - - [04/Nov/2022:14:58:32 +0530] "GET /JSTLProjects/catchExample.jsp HTTP/1.1" 200 292
0:0:0:0:0:0:0:1 - - [04/Nov/2022:14:58:33 +0530] "GET /JSTLProjects/catchExample.jsp HTTP/1.1" 200 292
0:0:0:0:0:0:0:1 - - [04/Nov/2022:14:58:34 +0530] "GET /JSTLProjects/catchExample.jsp HTTP/1.1" 200 292
0:0:0:0:0:0:0:1 - - [04/Nov/2022:14:58:34 +0530] "GET /JSTLProjects/catchExample.jsp HTTP/1.1" 200 292
0:0:0:0:0:0:0:1 - - [04/Nov/2022:15:00:15 +0530] "GET /JSTLProjects/catchExample.jsp HTTP/1.1" 500 3104
127.0.0.1 - - [04/Nov/2022:16:08:26 +0530] "GET / HTTP/1.1" 404 751
0:0:0:0:0:0:0:1 - - [04/Nov/2022:16:08:28 +0530] "GET /JSTLProjects/catchExample.jsp HTTP/1.1" 200 292
0:0:0:0:0:0:0:1 - - [04/Nov/2022:16:08:50 +0530] "GET /JSTLProjects/catchExample.jsp HTTP/1.1" 200 384
0:0:0:0:0:0:0:1 - - [04/Nov/2022:16:09:22 +0530] "GET /JSTLProjects/catchExample.jsp HTTP/1.1" 200 384
0:0:0:0:0:0:0:1 - - [04/Nov/2022:16:09:23 +0530] "GET /JSTLProjects/catchExample.jsp HTTP/1.1" 200 384
0:0:0:0:0:0:0:1 - - [04/Nov/2022:16:10:36 +0530] "GET /JSTLProjects/catchExample.jsp HTTP/1.1" 200 384
0:0:0:0:0:0:0:1 - - [04/Nov/2022:16:10:37 +0530] "GET /JSTLProjects/catchExample.jsp HTTP/1.1" 200 384
0:0:0:0:0:0:0:1 - - [04/Nov/2022:16:10:37 +0530] "GET /JSTLProjects/catchExample.jsp HTTP/1.1" 200 384
0:0:0:0:0:0:0:1 - - [04/Nov/2022:16:10:37 +0530] "GET /JSTLProjects/catchExample.jsp HTTP/1.1" 200 384
0:0:0:0:0:0:0:1 - - [04/Nov/2022:16:10:37 +0530] "GET /JSTLProjects/catchExample.jsp HTTP/1.1" 200 384
0:0:0:0:0:0:0:1 - - [04/Nov/2022:16:10:47 +0530] "GET /JSTLProjects/catchExample.jsp HTTP/1.1" 200 294
127.0.0.1 - - [04/Nov/2022:16:19:28 +0530] "GET / HTTP/1.1" 404 751
0:0:0:0:0:0:0:1 - - [04/Nov/2022:16:19:30 +0530] "GET /JSTLProjects/chooseExample.jsp HTTP/1.1" 200 370
0:0:0:0:0:0:0:1 - - [04/Nov/2022:16:25:08 +0530] "GET /JSTLProjects/chooseExample.jsp HTTP/1.1" 200 513
0:0:0:0:0:0:0:1 - - [04/Nov/2022:16:25:18 +0530] "GET /JSTLProjects/chooseExample.jsp HTTP/1.1" 200 512
0:0:0:0:0:0:0:1 - - [04/Nov/2022:16:32:49 +0530] "GET /JSTLProjects/chooseExample.jsp HTTP/1.1" 200 648
0:0:0:0:0:0:0:1 - - [04/Nov/2022:16:33:05 +0530] "GET /JSTLProjects/chooseExample.jsp HTTP/1.1" 200 646
127.0.0.1 - - [04/Nov/2022:16:36:14 +0530] "GET / HTTP/1.1" 404 751
0:0:0:0:0:0:0:1 - - [04/Nov/2022:16:36:15 +0530] "GET /JSTLProjects/forEachExample.jsp HTTP/1.1" 500 2415
0:0:0:0:0:0:0:1 - - [04/Nov/2022:16:37:10 +0530] "GET /JSTLProjects/forEachExample.jsp HTTP/1.1" 200 515
127.0.0.1 - - [04/Nov/2022:16:40:43 +0530] "GET / HTTP/1.1" 404 751
0:0:0:0:0:0:0:1 - - [04/Nov/2022:16:40:44 +0530] "GET /JSTLProjects/forTokenExample.jsp HTTP/1.1" 200 301
0:0:0:0:0:0:0:1 - - [04/Nov/2022:16:41:08 +0530] "GET /JSTLProjects/forTokenExample.jsp HTTP/1.1" 200 317
127.0.0.1 - - [04/Nov/2022:16:46:52 +0530] "GET / HTTP/1.1" 404 751
0:0:0:0:0:0:0:1 - - [04/Nov/2022:16:46:53 +0530] "GET /JSTLProjects/paramExample.jsp HTTP/1.1" 200 311
0:0:0:0:0:0:0:1 - - [04/Nov/2022:16:47:22 +0530] "GET /JSTLProjects/paramExample.jsp HTTP/1.1" 200 332
0:0:0:0:0:0:0:1 - - [04/Nov/2022:16:47:43 +0530] "GET /JSTLProjects/paramExample.jsp HTTP/1.1" 200 332
0:0:0:0:0:0:0:1 - - [04/Nov/2022:16:47:44 +0530] "GET /JSTLProjects/paramExample.jsp HTTP/1.1" 200 332
0:0:0:0:0:0:0:1 - - [04/Nov/2022:16:47:45 +0530] "GET /JSTLProjects/paramExample.jsp HTTP/1.1" 200 332
0:0:0:0:0:0:0:1 - - [04/Nov/2022:16:47:45 +0530] "GET /JSTLProjects/paramExample.jsp HTTP/1.1" 200 332
0:0:0:0:0:0:0:1 - - [04/Nov/2022:16:48:47 +0530] "GET /JSTLProjects/paramExample.jsp HTTP/1.1" 200 330
0:0:0:0:0:0:0:1 - - [04/Nov/2022:16:48:48 +0530] "GET /JSTLProjects/paramExample.jsp HTTP/1.1" 200 330
0:0:0:0:0:0:0:1 - - [04/Nov/2022:16:48:48 +0530] "GET /JSTLProjects/paramExample.jsp HTTP/1.1" 200 330
0:0:0:0:0:0:0:1 - - [04/Nov/2022:16:48:48 +0530] "GET /JSTLProjects/paramExample.jsp HTTP/1.1" 200 330
0:0:0:0:0:0:0:1 - - [04/Nov/2022:16:48:48 +0530] "GET /JSTLProjects/paramExample.jsp HTTP/1.1" 200 330
127.0.0.1 - - [04/Nov/2022:16:53:01 +0530] "GET / HTTP/1.1" 404 751
0:0:0:0:0:0:0:1 - - [04/Nov/2022:16:53:02 +0530] "GET /JSTLProjects/redirectExample.jsp HTTP/1.1" 302 -
127.0.0.1 - - [04/Nov/2022:16:53:37 +0530] "GET / HTTP/1.1" 404 751
0:0:0:0:0:0:0:1 - - [04/Nov/2022:16:53:39 +0530] "GET /JSTLProjects/redirectExample.jsp HTTP/1.1" 200 228
0:0:0:0:0:0:0:1 - - [04/Nov/2022:16:54:20 +0530] "GET /JSTLProjects/redirectExample.jsp HTTP/1.1" 200 228
127.0.0.1 - - [04/Nov/2022:16:54:36 +0530] "GET / HTTP/1.1" 404 751
0:0:0:0:0:0:0:1 - - [04/Nov/2022:16:54:37 +0530] "GET /JSTLProjects/redirectExample.jsp HTTP/1.1" 200 228
0:0:0:0:0:0:0:1 - - [04/Nov/2022:16:54:46 +0530] "GET /JSTLProjects/redirectExample.jsp HTTP/1.1" 200 228
0:0:0:0:0:0:0:1 - - [04/Nov/2022:16:55:02 +0530] "GET /JSTLProjects/redirectExample.jsp HTTP/1.1" 200 228
0:0:0:0:0:0:0:1 - - [04/Nov/2022:16:55:03 +0530] "GET /JSTLProjects/redirectExample.jsp HTTP/1.1" 200 228
0:0:0:0:0:0:0:1 - - [04/Nov/2022:16:55:03 +0530] "GET /JSTLProjects/redirectExample.jsp HTTP/1.1" 200 228
0:0:0:0:0:0:0:1 - - [04/Nov/2022:16:55:03 +0530] "GET /JSTLProjects/redirectExample.jsp HTTP/1.1" 200 228
127.0.0.1 - - [04/Nov/2022:16:55:35 +0530] "GET / HTTP/1.1" 404 751
0:0:0:0:0:0:0:1 - - [04/Nov/2022:16:55:37 +0530] "GET /JSTLProjects/redirectExample.jsp HTTP/1.1" 200 259
0:0:0:0:0:0:0:1 - - [04/Nov/2022:16:56:07 +0530] "GET /JSTLProjects/redirectExample.jsp HTTP/1.1" 302 -
127.0.0.1 - - [04/Nov/2022:16:57:22 +0530] "GET / HTTP/1.1" 404 751
0:0:0:0:0:0:0:1 - - [04/Nov/2022:16:57:23 +0530] "GET /JSTLProjects/redirectExample.jsp HTTP/1.1" 302 -
127.0.0.1 - - [04/Nov/2022:17:05:42 +0530] "GET / HTTP/1.1" 404 751
0:0:0:0:0:0:0:1 - - [04/Nov/2022:17:05:44 +0530] "GET /JSTLProjects/FunctionalTagInJSTL/containsFunctionExample.jsp HTTP/1.1" 200 305
0:0:0:0:0:0:0:1 - - [04/Nov/2022:17:06:17 +0530] "GET /JSTLProjects/FunctionalTagInJSTL/containsFunctionExample.jsp HTTP/1.1" 200 351
127.0.0.1 - - [04/Nov/2022:17:09:15 +0530] "GET / HTTP/1.1" 404 751
0:0:0:0:0:0:0:1 - - [04/Nov/2022:17:09:16 +0530] "GET /JSTLProjects/FunctionalTagInJSTL/containsIgnoreCaseExample.jsp HTTP/1.1" 500 3044
0:0:0:0:0:0:0:1 - - [04/Nov/2022:17:09:34 +0530] "GET /JSTLProjects/FunctionalTagInJSTL/containsIgnoreCaseExample.jsp HTTP/1.1" 500 3084
0:0:0:0:0:0:0:1 - - [04/Nov/2022:17:10:03 +0530] "GET /JSTLProjects/FunctionalTagInJSTL/containsIgnoreCaseExample.jsp HTTP/1.1" 200 307
0:0:0:0:0:0:0:1 - - [04/Nov/2022:17:22:52 +0530] "GET /JSTLProjects/FunctionalTagInJSTL/containsIgnoreCaseExample.jsp HTTP/1.1" 200 307
0:0:0:0:0:0:0:1 - - [04/Nov/2022:17:22:53 +0530] "GET /JSTLProjects/FunctionalTagInJSTL/containsIgnoreCaseExample.jsp HTTP/1.1" 200 307
0:0:0:0:0:0:0:1 - - [04/Nov/2022:17:22:59 +0530] "GET /JSTLProjects/FunctionalTagInJSTL/containsIgnoreCaseExample.jsp HTTP/1.1" 200 351
127.0.0.1 - - [04/Nov/2022:17:32:48 +0530] "GET / HTTP/1.1" 404 751
0:0:0:0:0:0:0:1 - - [04/Nov/2022:17:32:49 +0530] "GET /JSTLProjects/FunctionalTagInJSTL/containsIgnoreCaseExample.jsp HTTP/1.1" 200 351
0:0:0:0:0:0:0:1 - - [04/Nov/2022:17:32:52 +0530] "GET /JSTLProjects/FunctionalTagInJSTL/containsIgnoreCaseExample.jsp HTTP/1.1" 200 351
